
R version 4.3.1 (2023-06-16 ucrt) -- "Beagle Scouts"
Copyright (C) 2023 The R Foundation for Statistical Computing
Platform: x86_64-w64-mingw32/x64 (64-bit)

R is free software and comes with ABSOLUTELY NO WARRANTY.
You are welcome to redistribute it under certain conditions.
Type 'license()' or 'licence()' for distribution details.

R is a collaborative project with many contributors.
Type 'contributors()' for more information and
'citation()' on how to cite R or R packages in publications.

Type 'demo()' for some demos, 'help()' for on-line help, or
'help.start()' for an HTML browser interface to help.
Type 'q()' to quit R.

> #  File tests/nolatent.R in package latentnet, part of the
> #  Statnet suite of packages for network analysis, https://statnet.org .
> #
> #  This software is distributed under the GPL-3 license.  It is free,
> #  open source, and has the attribution requirements (GPL Section 7) at
> #  https://statnet.org/attribution .
> #
> #  Copyright 2003-2022 Statnet Commons
> ################################################################################
> library(latentnet)
Loading required package: network

'network' 1.18.1 (2023-01-24), part of the Statnet Project
* 'news(package="network")' for changes since last version
* 'citation("network")' for citation information
* 'https://statnet.org' for help, support, and other information

Loading required package: ergm

'ergm' 4.5.0 (2023-05-27), part of the Statnet Project
* 'news(package="ergm")' for changes since last version
* 'citation("ergm")' for citation information
* 'https://statnet.org' for help, support, and other information

'ergm' 4 is a major update that introduces some backwards-incompatible
changes. Please type 'news(package="ergm")' for a list of major
changes.


'latentnet' 2.10.6 (2022-05-11), part of the Statnet Project
* 'news(package="latentnet")' for changes since last version
* 'citation("latentnet")' for citation information
* 'https://statnet.org' for help, support, and other information
NOTE: BIC calculation prior to latentnet 2.7.0 had a bug in the calculation of the effective number of parameters. See help(summary.ergmm) for details.
NOTE: Prior to version 2.8.0, handling of fixed effects for directed networks had a bug. See help("ergmm-terms") for details.
> library(statnet.common)

Attaching package: 'statnet.common'

The following objects are masked from 'package:base':

    attr, order

> 
> data(sampson)
> 
> monks.nmr<-ergmm(samplike~nodematch("group")+rreceiver)
> mcmc.diagnostics(monks.nmr)
Chain 1 
Lag 0 
                  lpY     beta.1     beta.2 receiver.1
lpY         1.0000000 -0.1250856  0.1581713  0.3812945
beta.1     -0.1250856  1.0000000 -0.5522759 -0.4606613
beta.2      0.1581713 -0.5522759  1.0000000  0.2372869
receiver.1  0.3812945 -0.4606613  0.2372869  1.0000000

Lag 10 
                   lpY      beta.1      beta.2  receiver.1
lpY         0.11108574 -0.06477707  0.07549488  0.07433145
beta.1     -0.07112065  0.26420735 -0.14059366 -0.18988037
beta.2      0.09290304 -0.13549435  0.23196995  0.13299724
receiver.1  0.08167717 -0.17712800  0.13787931  0.18514065

[[1]]

Quantile (q) = 0.025
Accuracy (r) = +/- 0.0125
Probability (s) = 0.95 
                                                  
            Burn-in  Total Lower bound  Dependence
            (M)      (N)   (Nmin)       factor (I)
 lpY        20       6330  600          10.6      
 beta.1     40       7970  600          13.3      
 beta.2     30       7030  600          11.7      
 receiver.1 20       6210  600          10.4      


> 
> print(summary(monks.nmr))
NOTE: It is not certain whether it is appropriate to use latentnet's BIC to select latent space dimension, whether or not to include actor-specific random effects, and to compare clustered models with the unclustered model.

==========================
Summary of model fit
==========================

Formula:   samplike ~ nodematch("group") + rreceiver
Attribute: edges
Model:     Bernoulli 
MCMC sample of size 4000, draws are 10 iterations apart, after burnin of 10000 iterations.
Covariate coefficients posterior means:
                Estimate    2.5%   97.5% 2*min(Pr(>0),Pr(<0))    
(Intercept)      -2.2832 -2.9838 -1.6511            < 2.2e-16 ***
nodematch.group   3.0589  2.3847  3.8048            < 2.2e-16 ***
---
Signif. codes:  0 '***' 0.001 '**' 0.01 '*' 0.05 '.' 0.1 ' ' 1

Receiver effect variance: 0.9997331.
Overall BIC:        286.5973 
Likelihood BIC:     245.6578 
Receiver effect BIC:     40.93948 

Covariate coefficients MKL:
                 Estimate
(Intercept)     -2.299331
nodematch.group  2.871087


> # Should produce a meaningful error message.
> print(try(plot(monks.nmr)))
Error in plot.ergmm(monks.nmr) : 
  Plotting non-latent-space models is not available.
[1] "Error in plot.ergmm(monks.nmr) : \n  Plotting non-latent-space models is not available.\n"
attr(,"class")
[1] "try-error"
attr(,"condition")
<simpleError in plot.ergmm(monks.nmr): Plotting non-latent-space models is not available.>
> 
> opttest({
+   
+ monks.dnmr<-ergmm(samplike~nodematch("group",diff=TRUE)+rreceiver)
+ mcmc.diagnostics(monks.dnmr)
+ print(summary(monks.dnmr))
+ 
+ monks.dnmr2<-ergmm(samplike~nodematch("group",diff=TRUE)+rreceiver,prior=monks.dnmr$prior)
+ if(!all.equal(monks.dnmr2$prior,monks.dnmr$prior)) stop("Prior specification problem!")
+ 
+ monks.nm<-ergmm(samplike~nodematch("group"))
+ mcmc.diagnostics(monks.nm)
+ print(summary(monks.nm))
+ 
+ monks.dnm<-ergmm(samplike~nodematch("group",diff=TRUE))
+ mcmc.diagnostics(monks.dnm)
+ print(summary(monks.dnm))
+ 
+ # tests importing of ergm terms with local variable as inputs
+ set.seed(1)
+ nw <- samplike
+ n <- network.size(samplike)
+ covar <- matrix(rbinom(n^2, 1, 0.2), nrow=n)
+ covar.nw <- network(covar)
+ test3 <- ergmm(nw ~ euclidean(d = 2) + edgecov(covar)) 
+ test4 <- ergmm(nw ~ euclidean(d = 2) + edgecov(covar.nw)) 
+ 
+ 
+ }, "Some non-latent-space")
Some non-latent-space test(s) skipped. Set ENABLE_statnet_TESTS environment variable to run.
> 
> proc.time()
   user  system elapsed 
   5.59    0.51    6.01 
